at45db161.c:52:6:EEP_CS	8	static
at45db161.c:57:6:init_eep	8	static
at45db161.c:95:6:eep_write_byte	16	static
at45db161.c:67:5:get_eep_id	8	static
at45db161.c:83:6:eep_get_status	8	static
at45db161.c:166:6:eep_set_bef	16	static
at45db161.c:176:6:eep_get_val	24	static
at45db161.c:187:6:eep_get_block	16	static
at45db161.c:211:6:eep_set_block	16	static
at45db161.c:254:5:del_sektor	8	static
at45db161.c:242:5:del_sektoren	16	static
at45db161.c:293:5:del_block	8	static
at45db161.c:283:5:del_bereich	16	static
at45db161.c:326:5:store_struct	32	static
at45db161.c:346:5:get_struct	24	static
at45db161.c:364:5:Store_del_Block	16	static
at45db161.c:411:5:test_eep	8	static
at45db161.c:433:6:eep_get_block2	16	static
at45db161.c:457:5:get_eep_int16	16	static
at45db161.c:467:5:set_eep_int16	24	static
at45db161.c:477:5:get_eep_int32	16	static
at45db161.c:493:5:set_eep_int32	24	static
at45db161.c:504:5:find_offset	16	static
at45db161.c:527:5:store_offset	8	static
at45db161.c:538:5:setup_eep	0	static
