main.c:1711:6:Error_Handler	8	static
main.c:1677:13:SystemClock_Config	72	static
main.c:1871:7:uart_init	8	static
main.c:1726:6:CAN_Config	48	static
main.c:1020:5:get_timer_val	64	static
main.c:1080:7:get_oel_stand	16	static
main.c:1114:6:init_adc	24	static
main.c:1215:7:init_spi	8	static
main.c:1456:6:set_up_motor_rampe	0	static
main.c:1363:6:init_motor2	8	static
main.c:1428:6:setup_m_gesch	8	static
main.c:1471:6:debug_inf	8	static
main.c:1481:6:get_taste	8	static
main.c:1498:6:timer3_int	8	static
main.c:1549:6:wait_ms	8	static
main.c:1141:7:get_float	24	static
main.c:1556:6:set_timer3	16	static
main.c:1259:6:main_init	24	static
main.c:231:5:main	80	static
main.c:1617:6:can_test	8	static
main.c:1806:6:HAL_CAN_RxCpltCallback	8	static
main.c:1894:6:_write	8	static
main.c:1900:8:Mittelwert_	32	static
