motor1.c:45:6:wait_ms1	8	static
motor1.c:128:5:set_motor_power_on	24	static
motor1.c:51:5:probefahrt	24	static
motor1.c:166:5:set_motor_power_off	16	static
motor1.c:179:5:set_motor_entlage_links	40	static
motor1.c:272:5:set_motor_entlage_rechts	40	static
motor1.c:404:5:set_motor_stop	0	static
motor1.c:526:5:set_motor_gesch	24	static
motor1.c:545:5:set_mode	24	static
motor1.c:558:5:set_strom_vor	24	static
motor1.c:571:5:set_strom_ru	24	static
motor1.c:586:5:set_rampe_rauf	24	static
motor1.c:598:5:set_rampe_runter	24	static
motor1.c:611:5:set_rampe_rauf_r	24	static
motor1.c:622:5:set_rampe_runter_r	24	static
motor1.c:634:5:set_position	24	static
motor1.c:459:5:setup_motorhinfahrt	24	static
motor1.c:508:6:setup_moto_offset	24	static
motor1.c:666:5:set_position_r	32	static
motor1.c:409:5:setup_motorrueckfahrt	16	static
motor1.c:444:5:set_not_stop	16	static
motor1.c:721:5:set_motor_startpos	0	static
