stm32373c_eval.c:870:15:SPIx_MspInit	48	static
stm32373c_eval.c:566:15:I2C1_MspInit	80	static
stm32373c_eval.c:901:15:SPIx_Init	40	static
stm32373c_eval.c:1017:15:SPIx_Error	8	static
stm32373c_eval.c:947:12:SPIx_Read	24	static
stm32373c_eval.c:986:9:SPIx_Write	16	static
stm32373c_eval.c:299:12:BSP_GetVersion	0	static
stm32373c_eval.c:390:8:BSP_PB_Init	48	static
stm32373c_eval.c:436:12:BSP_PB_GetState	8	static
stm32373c_eval.c:450:11:BSP_JOY_Init	0	static
stm32373c_eval.c:499:20:BSP_JOY_GetState	0	static
stm32373c_eval.c:526:8:BSP_COM_Init	48	static
stm32373c_eval.c:607:8:I2C1_Init	8	static
stm32373c_eval.c:964:11:SPI2_Read	24	static
stm32373c_eval.c:999:9:SPI2_Write	16	static
stm32373c_eval.c:1027:6:spi_pin_init	48	static
stm32373c_eval.c:1080:6:HAL_ADC_MspInit	40	static
stm32373c_eval.c:1114:6:HAL_ADC_MspDeInit	8	static
stm32373c_eval.c:1143:8:LCD_IO_Init	8	static
stm32373c_eval.c:1172:8:LCD_IO_WriteMultipleData	0	static
stm32373c_eval.c:1212:8:LCD_IO_WriteReg	8	static
stm32373c_eval.c:1232:12:LCD_IO_ReadData	8	static
stm32373c_eval.c:1263:8:LCD_Delay	8	static
stm32373c_eval.c:1275:8:SD_IO_Init	0	static
stm32373c_eval.c:1322:8:SD_IO_WriteByte	0	static
stm32373c_eval.c:1332:11:SD_IO_ReadByte	0	static
stm32373c_eval.c:1351:21:SD_IO_WriteCmd	0	static
stm32373c_eval.c:1386:21:SD_IO_WaitResponse	0	static
stm32373c_eval.c:1413:8:SD_IO_WriteDummy	0	static
stm32373c_eval.c:1430:8:EEPROM_IO_Init	0	static
stm32373c_eval.c:1443:21:EEPROM_IO_WriteData	0	static
stm32373c_eval.c:1456:21:EEPROM_IO_ReadData	0	static
stm32373c_eval.c:1468:21:EEPROM_IO_IsDeviceReady	0	static
stm32373c_eval.c:1478:8:TSENSOR_IO_Init	0	static
stm32373c_eval.c:1491:8:TSENSOR_IO_Write	0	static
stm32373c_eval.c:1504:8:TSENSOR_IO_Read	0	static
stm32373c_eval.c:1515:12:TSENSOR_IO_IsDeviceReady	0	static
stm32373c_eval.c:1526:8:AUDIO_IO_Init	0	static
stm32373c_eval.c:1559:8:AUDIO_IO_DeInit	0	static
stm32373c_eval.c:1571:8:AUDIO_IO_Write	0	static
stm32373c_eval.c:1582:11:AUDIO_IO_Read	0	static
stm32373c_eval.c:1596:8:HDMI_CEC_IO_Init	0	static
stm32373c_eval.c:1649:21:HDMI_CEC_IO_WriteData	0	static
stm32373c_eval.c:1661:21:HDMI_CEC_IO_ReadData	0	static
