stm32f3xx_it.c:86:6:NMI_Handler	0	static
stm32f3xx_it.c:95:6:HardFault_Handler	0	static
stm32f3xx_it.c:110:6:MemManage_Handler	0	static
stm32f3xx_it.c:123:6:BusFault_Handler	0	static
stm32f3xx_it.c:136:6:UsageFault_Handler	0	static
stm32f3xx_it.c:149:6:SVC_Handler	0	static
stm32f3xx_it.c:158:6:DebugMon_Handler	0	static
stm32f3xx_it.c:167:6:PendSV_Handler	0	static
stm32f3xx_it.c:176:6:SysTick_Handler	8	static
stm32f3xx_it.c:194:6:CAN_RX0_IRQHandler	8	static
stm32f3xx_it.c:214:6:TIM3_IRQHandler	8	static
stm32f3xx_it.c:225:6:TIM4_IRQHandler	8	static
stm32f3xx_it.c:231:6:TIM5_IRQHandler	0	static
stm32f3xx_it.c:236:6:USART2_IRQHandler	8	static
stm32f3xx_it.c:250:6:DMA1_Channel2_IRQHandler	8	static
stm32f3xx_it.c:260:6:DMA1_Channel3_IRQHandler	8	static
