stm32f3xx_hal_adc_ex.c:7414:26:ADC_ConversionStop_Disable	16	static
stm32f3xx_hal_adc_ex.c:7361:26:ADC_Enable	24	static
stm32f3xx_hal_adc_ex.c:7101:13:ADC_DMAError	8	static
stm32f3xx_hal_adc_ex.c:7087:13:ADC_DMAHalfConvCplt	8	static
stm32f3xx_hal_adc_ex.c:7044:13:ADC_DMAConvCplt	8	static
stm32f3xx_hal_adc_ex.c:573:19:HAL_ADC_Init	16	static
stm32f3xx_hal_adc_ex.c:1016:19:HAL_ADC_DeInit	16	static
stm32f3xx_hal_adc_ex.c:1320:19:HAL_ADC_Start	8	static
stm32f3xx_hal_adc_ex.c:1462:19:HAL_ADC_Stop	8	static
stm32f3xx_hal_adc_ex.c:1681:19:HAL_ADC_PollForConversion	24	static
stm32f3xx_hal_adc_ex.c:1938:19:HAL_ADC_PollForEvent	24	static
stm32f3xx_hal_adc_ex.c:2138:19:HAL_ADC_Start_IT	8	static
stm32f3xx_hal_adc_ex.c:2287:19:HAL_ADC_Stop_IT	8	static
stm32f3xx_hal_adc_ex.c:2494:19:HAL_ADC_Start_DMA	24	static
stm32f3xx_hal_adc_ex.c:2692:19:HAL_ADC_Stop_DMA	8	static
stm32f3xx_hal_adc_ex.c:2798:10:HAL_ADC_GetValue	0	static
stm32f3xx_hal_adc_ex.c:3331:19:HAL_ADCEx_Calibration_Start	24	static
stm32f3xx_hal_adc_ex.c:3638:19:HAL_ADCEx_InjectedStart	8	static
stm32f3xx_hal_adc_ex.c:3814:19:HAL_ADCEx_InjectedStop	8	static
stm32f3xx_hal_adc_ex.c:3971:19:HAL_ADCEx_InjectedPollForConversion	24	static
stm32f3xx_hal_adc_ex.c:4219:19:HAL_ADCEx_InjectedStart_IT	8	static
stm32f3xx_hal_adc_ex.c:4407:19:HAL_ADCEx_InjectedStop_IT	8	static
stm32f3xx_hal_adc_ex.c:4856:10:HAL_ADCEx_InjectedGetValue	0	static
stm32f3xx_hal_adc_ex.c:5315:13:HAL_ADCEx_InjectedConvCpltCallback	0	static
stm32f3xx_hal_adc_ex.c:3120:6:HAL_ADC_IRQHandler	8	static
stm32f3xx_hal_adc_ex.c:5766:19:HAL_ADC_ConfigChannel	16	static
stm32f3xx_hal_adc_ex.c:6404:19:HAL_ADCEx_InjectedConfigChannel	24	static
stm32f3xx_hal_adc_ex.c:6855:19:HAL_ADC_AnalogWDGConfig	8	static
