stm32f3xx_hal_spi.c:2593:26:SPI_WaitFifoStateUntilTimeout	32	static
stm32f3xx_hal_spi.c:2542:26:SPI_WaitFlagStateUntilTimeout	24	static
stm32f3xx_hal_spi.c:2682:26:SPI_EndRxTxTransaction	16	static
stm32f3xx_hal_spi.c:2650:26:SPI_EndRxTransaction	16	static
stm32f3xx_hal_spi.c:369:13:HAL_SPI_MspInit	0	static
stm32f3xx_hal_spi.c:233:19:HAL_SPI_Init	8	static
stm32f3xx_hal_spi.c:385:13:HAL_SPI_MspDeInit	0	static
stm32f3xx_hal_spi.c:337:19:HAL_SPI_DeInit	8	static
stm32f3xx_hal_spi.c:441:19:HAL_SPI_Transmit	32	static
stm32f3xx_hal_spi.c:802:19:HAL_SPI_TransmitReceive	40	static
stm32f3xx_hal_spi.c:588:19:HAL_SPI_Receive	40	static
stm32f3xx_hal_spi.c:1032:19:HAL_SPI_Transmit_IT	0	static
stm32f3xx_hal_spi.c:1211:19:HAL_SPI_TransmitReceive_IT	4	static
stm32f3xx_hal_spi.c:1109:19:HAL_SPI_Receive_IT	8	static
stm32f3xx_hal_spi.c:1309:19:HAL_SPI_Transmit_DMA	8	static
stm32f3xx_hal_spi.c:1511:19:HAL_SPI_TransmitReceive_DMA	16	static
stm32f3xx_hal_spi.c:1404:19:HAL_SPI_Receive_DMA	8	static
stm32f3xx_hal_spi.c:1655:19:HAL_SPI_DMAPause	0	static
stm32f3xx_hal_spi.c:1675:19:HAL_SPI_DMAResume	0	static
stm32f3xx_hal_spi.c:1695:19:HAL_SPI_DMAStop	8	static
stm32f3xx_hal_spi.c:1790:13:HAL_SPI_TxCpltCallback	0	static
stm32f3xx_hal_spi.c:1806:13:HAL_SPI_RxCpltCallback	0	static
stm32f3xx_hal_spi.c:1822:13:HAL_SPI_TxRxCpltCallback	0	static
stm32f3xx_hal_spi.c:1838:13:HAL_SPI_TxHalfCpltCallback	0	static
stm32f3xx_hal_spi.c:2146:13:SPI_DMAHalfTransmitCplt	8	static
stm32f3xx_hal_spi.c:1854:13:HAL_SPI_RxHalfCpltCallback	0	static
stm32f3xx_hal_spi.c:2159:13:SPI_DMAHalfReceiveCplt	8	static
stm32f3xx_hal_spi.c:1870:13:HAL_SPI_TxRxHalfCpltCallback	0	static
stm32f3xx_hal_spi.c:2172:13:SPI_DMAHalfTransmitReceiveCplt	8	static
stm32f3xx_hal_spi.c:1886:14:HAL_SPI_ErrorCallback	0	static
stm32f3xx_hal_spi.c:2791:13:SPI_CloseTx_ISR	16	static
stm32f3xx_hal_spi.c:2493:13:SPI_TxISR_8BIT	8	static
stm32f3xx_hal_spi.c:2515:13:SPI_TxISR_16BIT	8	static
stm32f3xx_hal_spi.c:2753:13:SPI_CloseRx_ISR	8	static
stm32f3xx_hal_spi.c:2416:13:SPI_RxISR_8BIT	8	static
stm32f3xx_hal_spi.c:2396:13:SPI_RxISR_8BITCRC	16	static
stm32f3xx_hal_spi.c:2464:13:SPI_RxISR_16BIT	8	static
stm32f3xx_hal_spi.c:2444:13:SPI_RxISR_16BITCRC	16	static
stm32f3xx_hal_spi.c:2705:13:SPI_CloseRxTx_ISR	8	static
stm32f3xx_hal_spi.c:2277:13:SPI_2linesTxISR_8BIT	8	static
stm32f3xx_hal_spi.c:2203:13:SPI_2linesRxISR_8BIT	8	static
stm32f3xx_hal_spi.c:2250:13:SPI_2linesRxISR_8BITCRC	16	static
stm32f3xx_hal_spi.c:2366:13:SPI_2linesTxISR_16BIT	8	static
stm32f3xx_hal_spi.c:2316:13:SPI_2linesRxISR_16BIT	8	static
stm32f3xx_hal_spi.c:2347:13:SPI_2linesRxISR_16BITCRC	16	static
stm32f3xx_hal_spi.c:2185:13:SPI_DMAError	8	static
stm32f3xx_hal_spi.c:1961:13:SPI_DMATransmitCplt	16	static
stm32f3xx_hal_spi.c:2000:13:SPI_DMAReceiveCplt	16	static
stm32f3xx_hal_spi.c:2077:13:SPI_DMATransmitReceiveCplt	16	static
stm32f3xx_hal_spi.c:1726:6:HAL_SPI_IRQHandler	24	static
stm32f3xx_hal_spi.c:1924:22:HAL_SPI_GetState	0	static
stm32f3xx_hal_spi.c:1936:10:HAL_SPI_GetError	0	static
