stm32f3xx_hal_tim_ex.c:2622:13:TIM_CCxNChannelCmd	4	static
stm32f3xx_hal_tim_ex.c:294:13:HAL_TIMEx_HallSensor_MspInit	0	static
stm32f3xx_hal_tim_ex.c:189:19:HAL_TIMEx_HallSensor_Init	48	static
stm32f3xx_hal_tim_ex.c:309:13:HAL_TIMEx_HallSensor_MspDeInit	0	static
stm32f3xx_hal_tim_ex.c:267:19:HAL_TIMEx_HallSensor_DeInit	8	static
stm32f3xx_hal_tim_ex.c:324:19:HAL_TIMEx_HallSensor_Start	8	static
stm32f3xx_hal_tim_ex.c:345:19:HAL_TIMEx_HallSensor_Stop	8	static
stm32f3xx_hal_tim_ex.c:366:19:HAL_TIMEx_HallSensor_Start_IT	8	static
stm32f3xx_hal_tim_ex.c:390:19:HAL_TIMEx_HallSensor_Stop_IT	8	static
stm32f3xx_hal_tim_ex.c:416:19:HAL_TIMEx_HallSensor_Start_DMA	16	static
stm32f3xx_hal_tim_ex.c:463:19:HAL_TIMEx_HallSensor_Stop_DMA	8	static
stm32f3xx_hal_tim_ex.c:519:19:HAL_TIMEx_OCN_Start	8	static
stm32f3xx_hal_tim_ex.c:549:19:HAL_TIMEx_OCN_Stop	8	static
stm32f3xx_hal_tim_ex.c:579:19:HAL_TIMEx_OCN_Start_IT	8	static
stm32f3xx_hal_tim_ex.c:646:19:HAL_TIMEx_OCN_Stop_IT	8	static
stm32f3xx_hal_tim_ex.c:721:19:HAL_TIMEx_OCN_Start_DMA	16	static
stm32f3xx_hal_tim_ex.c:836:19:HAL_TIMEx_OCN_Stop_DMA	8	static
stm32f3xx_hal_tim_ex.c:936:19:HAL_TIMEx_PWMN_Start	8	static
stm32f3xx_hal_tim_ex.c:965:19:HAL_TIMEx_PWMN_Stop	8	static
stm32f3xx_hal_tim_ex.c:995:19:HAL_TIMEx_PWMN_Start_IT	8	static
stm32f3xx_hal_tim_ex.c:1062:19:HAL_TIMEx_PWMN_Stop_IT	8	static
stm32f3xx_hal_tim_ex.c:1137:19:HAL_TIMEx_PWMN_Start_DMA	16	static
stm32f3xx_hal_tim_ex.c:1252:19:HAL_TIMEx_PWMN_Stop_DMA	8	static
stm32f3xx_hal_tim_ex.c:1339:19:HAL_TIMEx_OnePulseN_Start	8	static
stm32f3xx_hal_tim_ex.c:1364:19:HAL_TIMEx_OnePulseN_Stop	8	static
stm32f3xx_hal_tim_ex.c:1393:19:HAL_TIMEx_OnePulseN_Start_IT	8	static
stm32f3xx_hal_tim_ex.c:1424:19:HAL_TIMEx_OnePulseN_Stop_IT	8	static
stm32f3xx_hal_tim_ex.c:2134:19:HAL_TIMEx_MasterConfigSynchronization	8	static
stm32f3xx_hal_tim_ex.c:2263:19:HAL_TIMEx_ConfigBreakDeadTime	8	static
stm32f3xx_hal_tim_ex.c:2439:19:HAL_TIMEx_RemapConfig	0	static
stm32f3xx_hal_tim_ex.c:2531:13:HAL_TIMEx_CommutationCallback	0	static
stm32f3xx_hal_tim_ex.c:2546:13:HAL_TIMEx_BreakCallback	0	static
stm32f3xx_hal_tim_ex.c:2580:22:HAL_TIMEx_HallSensor_GetState	0	static
stm32f3xx_hal_tim_ex.c:2601:6:TIMEx_DMACommutationCplt	8	static
