stm32f3xx_hal_tim.c:5059:13:TIM_TI1_ConfigInputStage	4	static
stm32f3xx_hal_tim.c:5102:13:TIM_TI2_SetConfig	8	static
stm32f3xx_hal_tim.c:5142:13:TIM_TI2_ConfigInputStage	4	static
stm32f3xx_hal_tim.c:5185:13:TIM_TI3_SetConfig	8	static
stm32f3xx_hal_tim.c:5233:13:TIM_TI4_SetConfig	8	static
stm32f3xx_hal_tim.c:5276:13:TIM_ITRx_SetConfig	0	static
stm32f3xx_hal_tim.c:268:13:HAL_TIM_Base_MspInit	0	static
stm32f3xx_hal_tim.c:283:13:HAL_TIM_Base_MspDeInit	0	static
stm32f3xx_hal_tim.c:241:19:HAL_TIM_Base_DeInit	8	static
stm32f3xx_hal_tim.c:299:19:HAL_TIM_Base_Start	0	static
stm32f3xx_hal_tim.c:322:19:HAL_TIM_Base_Stop	0	static
stm32f3xx_hal_tim.c:345:19:HAL_TIM_Base_Start_IT	0	static
stm32f3xx_hal_tim.c:365:19:HAL_TIM_Base_Stop_IT	0	static
stm32f3xx_hal_tim.c:386:19:HAL_TIM_Base_Start_DMA	16	static
stm32f3xx_hal_tim.c:430:19:HAL_TIM_Base_Stop_DMA	0	static
stm32f3xx_hal_tim.c:545:13:HAL_TIM_OC_MspInit	0	static
stm32f3xx_hal_tim.c:560:13:HAL_TIM_OC_MspDeInit	0	static
stm32f3xx_hal_tim.c:518:19:HAL_TIM_OC_DeInit	8	static
stm32f3xx_hal_tim.c:1051:13:HAL_TIM_PWM_MspInit	0	static
stm32f3xx_hal_tim.c:1066:13:HAL_TIM_PWM_MspDeInit	0	static
stm32f3xx_hal_tim.c:1024:19:HAL_TIM_PWM_DeInit	8	static
stm32f3xx_hal_tim.c:1560:13:HAL_TIM_IC_MspInit	0	static
stm32f3xx_hal_tim.c:1575:13:HAL_TIM_IC_MspDeInit	0	static
stm32f3xx_hal_tim.c:1533:19:HAL_TIM_IC_DeInit	8	static
stm32f3xx_hal_tim.c:2042:13:HAL_TIM_OnePulse_MspInit	0	static
stm32f3xx_hal_tim.c:2057:13:HAL_TIM_OnePulse_MspDeInit	0	static
stm32f3xx_hal_tim.c:2015:19:HAL_TIM_OnePulse_DeInit	8	static
stm32f3xx_hal_tim.c:2358:13:HAL_TIM_Encoder_MspInit	0	static
stm32f3xx_hal_tim.c:2373:13:HAL_TIM_Encoder_MspDeInit	0	static
stm32f3xx_hal_tim.c:2331:19:HAL_TIM_Encoder_DeInit	8	static
stm32f3xx_hal_tim.c:3324:19:HAL_TIM_DMABurst_WriteStart	24	static
stm32f3xx_hal_tim.c:3455:19:HAL_TIM_DMABurst_WriteStop	16	static
stm32f3xx_hal_tim.c:3547:19:HAL_TIM_DMABurst_ReadStart	24	static
stm32f3xx_hal_tim.c:3679:19:HAL_TIM_DMABurst_ReadStop	16	static
stm32f3xx_hal_tim.c:3752:19:HAL_TIM_GenerateEvent	0	static
stm32f3xx_hal_tim.c:4067:19:HAL_TIM_ConfigTI1Input	0	static
stm32f3xx_hal_tim.c:4172:10:HAL_TIM_ReadCapturedValue	0	static
stm32f3xx_hal_tim.c:4259:13:HAL_TIM_PeriodElapsedCallback	0	static
stm32f3xx_hal_tim.c:4518:13:TIM_DMAPeriodElapsedCplt	8	static
stm32f3xx_hal_tim.c:4274:13:HAL_TIM_OC_DelayElapsedCallback	0	static
stm32f3xx_hal_tim.c:4288:13:HAL_TIM_IC_CaptureCallback	0	static
stm32f3xx_hal_tim.c:4485:6:TIM_DMACaptureCplt	8	static
stm32f3xx_hal_tim.c:4303:13:HAL_TIM_PWM_PulseFinishedCallback	0	static
stm32f3xx_hal_tim.c:4453:6:TIM_DMADelayPulseCplt	8	static
stm32f3xx_hal_tim.c:4318:13:HAL_TIM_TriggerCallback	0	static
stm32f3xx_hal_tim.c:2760:6:HAL_TIM_IRQHandler	8	static
stm32f3xx_hal_tim.c:4532:13:TIM_DMATriggerCplt	8	static
stm32f3xx_hal_tim.c:4333:13:HAL_TIM_ErrorCallback	0	static
stm32f3xx_hal_tim.c:4439:6:TIM_DMAError	8	static
stm32f3xx_hal_tim.c:4367:22:HAL_TIM_Base_GetState	0	static
stm32f3xx_hal_tim.c:4377:22:HAL_TIM_OC_GetState	0	static
stm32f3xx_hal_tim.c:4387:22:HAL_TIM_PWM_GetState	0	static
stm32f3xx_hal_tim.c:4397:22:HAL_TIM_IC_GetState	0	static
stm32f3xx_hal_tim.c:4407:22:HAL_TIM_OnePulse_GetState	0	static
stm32f3xx_hal_tim.c:4417:22:HAL_TIM_Encoder_GetState	0	static
stm32f3xx_hal_tim.c:4547:6:TIM_Base_SetConfig	0	static
stm32f3xx_hal_tim.c:202:19:HAL_TIM_Base_Init	8	static
stm32f3xx_hal_tim.c:479:19:HAL_TIM_OC_Init	8	static
stm32f3xx_hal_tim.c:985:19:HAL_TIM_PWM_Init	8	static
stm32f3xx_hal_tim.c:1494:19:HAL_TIM_IC_Init	8	static
stm32f3xx_hal_tim.c:1969:19:HAL_TIM_OnePulse_Init	16	static
stm32f3xx_hal_tim.c:2241:19:HAL_TIM_Encoder_Init	24	static
stm32f3xx_hal_tim.c:4592:6:TIM_OC1_SetConfig	8	static
stm32f3xx_hal_tim.c:4666:6:TIM_OC2_SetConfig	8	static
stm32f3xx_hal_tim.c:4742:6:TIM_OC3_SetConfig	8	static
stm32f3xx_hal_tim.c:4816:6:TIM_OC4_SetConfig	8	static
stm32f3xx_hal_tim.c:2923:26:HAL_TIM_OC_ConfigChannel	8	static
stm32f3xx_hal_tim.c:3088:26:HAL_TIM_PWM_ConfigChannel	16	static
stm32f3xx_hal_tim.c:5012:6:TIM_TI1_SetConfig	12	static
stm32f3xx_hal_tim.c:2992:19:HAL_TIM_IC_ConfigChannel	16	static
stm32f3xx_hal_tim.c:3188:19:HAL_TIM_OnePulse_ConfigChannel	48	static
stm32f3xx_hal_tim.c:5306:6:TIM_ETR_SetConfig	4	static
stm32f3xx_hal_tim.c:3789:26:HAL_TIM_ConfigOCrefClear	16	static
stm32f3xx_hal_tim.c:3893:19:HAL_TIM_ConfigClockSource	8	static
stm32f3xx_hal_tim.c:4868:13:TIM_SlaveTimer_SetConfig	8	static
stm32f3xx_hal_tim.c:4099:19:HAL_TIM_SlaveConfigSynchronization	16	static
stm32f3xx_hal_tim.c:4134:19:HAL_TIM_SlaveConfigSynchronization_IT	16	static
stm32f3xx_hal_tim.c:5336:6:TIM_CCxChannelCmd	4	static
stm32f3xx_hal_tim.c:581:19:HAL_TIM_OC_Start	8	static
stm32f3xx_hal_tim.c:613:19:HAL_TIM_OC_Stop	8	static
stm32f3xx_hal_tim.c:645:19:HAL_TIM_OC_Start_IT	8	static
stm32f3xx_hal_tim.c:711:19:HAL_TIM_OC_Stop_IT	8	static
stm32f3xx_hal_tim.c:779:19:HAL_TIM_OC_Start_DMA	16	static
stm32f3xx_hal_tim.c:896:19:HAL_TIM_OC_Stop_DMA	8	static
stm32f3xx_hal_tim.c:1087:19:HAL_TIM_PWM_Start	8	static
stm32f3xx_hal_tim.c:1119:19:HAL_TIM_PWM_Stop	8	static
stm32f3xx_hal_tim.c:1154:19:HAL_TIM_PWM_Start_IT	8	static
stm32f3xx_hal_tim.c:1220:19:HAL_TIM_PWM_Stop_IT	8	static
stm32f3xx_hal_tim.c:1288:19:HAL_TIM_PWM_Start_DMA	16	static
stm32f3xx_hal_tim.c:1405:19:HAL_TIM_PWM_Stop_DMA	8	static
stm32f3xx_hal_tim.c:1596:19:HAL_TIM_IC_Start	8	static
stm32f3xx_hal_tim.c:1622:19:HAL_TIM_IC_Stop	8	static
stm32f3xx_hal_tim.c:1648:19:HAL_TIM_IC_Start_IT	8	static
stm32f3xx_hal_tim.c:1707:19:HAL_TIM_IC_Stop_IT	8	static
stm32f3xx_hal_tim.c:1769:19:HAL_TIM_IC_Start_DMA	16	static
stm32f3xx_hal_tim.c:1882:19:HAL_TIM_IC_Stop_DMA	8	static
stm32f3xx_hal_tim.c:2076:19:HAL_TIM_OnePulse_Start	8	static
stm32f3xx_hal_tim.c:2109:19:HAL_TIM_OnePulse_Stop	8	static
stm32f3xx_hal_tim.c:2142:19:HAL_TIM_OnePulse_Start_IT	8	static
stm32f3xx_hal_tim.c:2181:19:HAL_TIM_OnePulse_Stop_IT	8	static
stm32f3xx_hal_tim.c:2393:19:HAL_TIM_Encoder_Start	8	static
stm32f3xx_hal_tim.c:2435:19:HAL_TIM_Encoder_Stop	8	static
stm32f3xx_hal_tim.c:2479:19:HAL_TIM_Encoder_Start_IT	8	static
stm32f3xx_hal_tim.c:2527:19:HAL_TIM_Encoder_Stop_IT	8	static
stm32f3xx_hal_tim.c:2581:19:HAL_TIM_Encoder_Start_DMA	24	static
stm32f3xx_hal_tim.c:2698:19:HAL_TIM_Encoder_Stop_DMA	8	static
