stm32f3xx_hal_can.c:352:19:HAL_CAN_ConfigFilter	16	static
stm32f3xx_hal_can.c:481:13:HAL_CAN_MspInit	0	static
stm32f3xx_hal_can.c:170:19:HAL_CAN_Init	16	static
stm32f3xx_hal_can.c:497:13:HAL_CAN_MspDeInit	0	static
stm32f3xx_hal_can.c:448:19:HAL_CAN_DeInit	8	static
stm32f3xx_hal_can.c:535:19:HAL_CAN_Transmit	24	static
stm32f3xx_hal_can.c:662:19:HAL_CAN_Transmit_IT	16	static
stm32f3xx_hal_can.c:779:19:HAL_CAN_Receive	24	static
stm32f3xx_hal_can.c:883:19:HAL_CAN_Receive_IT	4	static
stm32f3xx_hal_can.c:952:19:HAL_CAN_Sleep	16	static
stm32f3xx_hal_can.c:1007:19:HAL_CAN_WakeUp	16	static
stm32f3xx_hal_can.c:1176:13:HAL_CAN_TxCpltCallback	0	static
stm32f3xx_hal_can.c:1281:26:CAN_Transmit_IT	8	static
stm32f3xx_hal_can.c:1192:13:HAL_CAN_RxCpltCallback	0	static
stm32f3xx_hal_can.c:1329:26:CAN_Receive_IT	8	static
stm32f3xx_hal_can.c:1208:13:HAL_CAN_ErrorCallback	0	static
stm32f3xx_hal_can.c:1059:6:HAL_CAN_IRQHandler	8	static
stm32f3xx_hal_can.c:1244:22:HAL_CAN_GetState	0	static
stm32f3xx_hal_can.c:1256:10:HAL_CAN_GetError	0	static
