stm32f3xx_hal_flash_ex.c:518:13:FLASH_MassErase	0	static
stm32f3xx_hal_flash_ex.c:899:17:FLASH_OB_GetWRP	0	static
stm32f3xx_hal_flash_ex.c:913:17:FLASH_OB_GetRDP	0	static
stm32f3xx_hal_flash_ex.c:957:16:FLASH_OB_GetUser	0	static
stm32f3xx_hal_flash_ex.c:761:26:FLASH_OB_RDP_LevelConfig	16	static
stm32f3xx_hal_flash_ex.c:812:26:FLASH_OB_UserConfig	16	static
stm32f3xx_hal_flash_ex.c:866:26:FLASH_OB_ProgramData	16	static
stm32f3xx_hal_flash_ex.c:331:19:HAL_FLASHEx_OBErase	16	static
stm32f3xx_hal_flash_ex.c:539:26:FLASH_OB_EnableWRP	24	static
stm32f3xx_hal_flash_ex.c:651:26:FLASH_OB_DisableWRP	24	static
stm32f3xx_hal_flash_ex.c:380:19:HAL_FLASHEx_OBProgram	8	static
stm32f3xx_hal_flash_ex.c:461:6:HAL_FLASHEx_OBGetConfig	8	static
stm32f3xx_hal_flash_ex.c:483:10:HAL_FLASHEx_OBGetUserData	0	static
stm32f3xx_hal_flash_ex.c:986:6:FLASH_PageErase	0	static
stm32f3xx_hal_flash_ex.c:177:19:HAL_FLASHEx_Erase	16	static
stm32f3xx_hal_flash_ex.c:258:19:HAL_FLASHEx_Erase_IT	8	static
